<?xml version="1.0" encoding="utf-8"?><testsuites name="pytest tests"><testsuite name="pytest" errors="0" failures="0" skipped="0" tests="18" time="2.862" timestamp="2025-06-03T08:24:30.353654+00:00" hostname="TigerBook"><testcase classname="tests.test_ci_minimal" name="test_python_version" time="0.002" /><testcase classname="tests.test_ci_minimal" name="test_essential_packages" time="1.116" /><testcase classname="tests.test_ci_minimal" name="test_project_files_exist" time="0.001" /><testcase classname="tests.test_ci_minimal" name="test_basic_config_structure" time="0.005" /><testcase classname="tests.test_ci_minimal" name="test_fastapi_app_structure" time="0.614" /><testcase classname="tests.test_main" name="test_app_creation" time="0.001" /><testcase classname="tests.test_main" name="test_routes_exist" time="0.003" /><testcase classname="tests.test_main" name="test_config_basic" time="0.001" /><testcase classname="tests.test_main" name="test_utils_import" time="0.001" /><testcase classname="tests.test_main" name="test_telegram_bot_import" time="1.027" /><testcase classname="tests.test_minimal_fixed.TestConfiguration" name="test_imports_essential" time="0.001" /><testcase classname="tests.test_minimal_fixed.TestConfiguration" name="test_config_loads" time="0.001" /><testcase classname="tests.test_minimal_fixed.TestConfiguration" name="test_main_app_creation" time="0.002" /><testcase classname="tests.test_minimal_fixed.TestConfiguration" name="test_utils_functions_exist" time="0.001" /><testcase classname="tests.test_minimal_fixed.TestApplicationStructure" name="test_telegram_bot_structure" time="0.001" /><testcase classname="tests.test_minimal_fixed.TestApplicationStructure" name="test_api_endpoints_defined" time="0.001" /><testcase classname="tests.test_minimal_fixed" name="test_python_version" time="0.001" /><testcase classname="tests.test_minimal_fixed" name="test_project_structure" time="0.001" /></testsuite></testsuites>